Error while handling the Basis key.
Error: Could not find matching basis file for O

Input found:

units
  length Bohr
end

XC
  HartreeFock
end

atoms
      1         C      0.000000      0.000000      0.000000 
      2         O      0.000000      0.000000      2.190000 
      3         O      0.000000      0.000000     -2.190000 
end

basis
  core None
  type PYSCF
end

symmetry nosym

totalenergy




